// Jest Snapshot v1, https://goo.gl/fbAQLP

exports[`renders all options passed to it 1`] = `[Function]`;
